
[1m[30m[46m RUN [49m[39m[22m [36mv4.1.6 [39m[90mD:/Codebox/PROJECTS/WrongStack[39m

 [31m❯[39m packages/plugins/tests/cron.test.ts [2m([22m[2m17 tests[22m[2m | [22m[31m2 failed[39m[2m)[22m[32m 8[2mms[22m[39m
     [32m✓[39m should export a Plugin object[32m 1[2mms[22m[39m
     [32m✓[39m should register three tools in setup[32m 1[2mms[22m[39m
     [32m✓[39m should have cron_schedule tool registered[32m 1[2mms[22m[39m
     [32m✓[39m should have cron_list tool registered[32m 0[2mms[22m[39m
     [32m✓[39m should have cron_cancel tool registered[32m 0[2mms[22m[39m
     [32m✓[39m should register an extension with beforeIteration and afterIteration hooks[32m 0[2mms[22m[39m
     [32m✓[39m should subscribe to cron:tick events[32m 0[2mms[22m[39m
     [32m✓[39m cron_schedule should have correct properties[32m 0[2mms[22m[39m
     [32m✓[39m cron_list should have correct properties[32m 0[2mms[22m[39m
     [32m✓[39m cron_cancel should have correct properties[32m 0[2mms[22m[39m
     [32m✓[39m should have teardown function[32m 0[2mms[22m[39m
[31m     [31m×[31m parseCronExpression parses */5 as 5 minutes in ms[39m[32m 3[2mms[22m[39m
[31m     [31m×[31m parseCronExpression parses */15 as 15 minutes in ms[39m[32m 0[2mms[22m[39m
     [32m✓[39m parseCronExpression returns null for non-*/ expressions[32m 0[2mms[22m[39m
     [32m✓[39m parseCronExpression returns null for invalid parts[32m 0[2mms[22m[39m
     [32m✓[39m formatNextRun returns a future ISO date string[32m 0[2mms[22m[39m
     [32m✓[39m formatNextRun defaults to 60s for zero, negative, and NaN[32m 0[2mms[22m[39m
 [32m✓[39m packages/tools/tests/subpath-exports.test.ts [2m([22m[2m3 tests[22m[2m)[22m[33m 355[2mms[22m[39m
     [33m[2m✓[22m[39m subpath imports actually resolve at runtime [33m 352[2mms[22m[39m
 [32m✓[39m packages/core/tests/storage/session-rewinder.test.ts [2m([22m[2m16 tests[22m[2m)[22m[32m 192[2mms[22m[39m
 [32m✓[39m packages/plug-lsp/tests/unit/setup.test.ts [2m([22m[2m5 tests[22m[2m)[22m[32m 269[2mms[22m[39m
 [32m✓[39m packages/core/tests/execution/tool-executor.test.ts [2m([22m[2m34 tests[22m[2m)[22m[32m 233[2mms[22m[39m
 [32m✓[39m packages/core/tests/storage/memory-store.test.ts [2m([22m[2m15 tests[22m[2m)[22m[32m 182[2mms[22m[39m
 [32m✓[39m packages/mcp/tests/transport.test.ts [2m([22m[2m61 tests[22m[2m)[22m[33m 404[2mms[22m[39m
 [32m✓[39m packages/tui/tests/clipboard.test.ts [2m([22m[2m2 tests[22m[2m)[22m[33m 409[2mms[22m[39m
     [33m[2m✓[22m[39m returns null or a valid PNG image, never throws on an empty clipboard [33m 408[2mms[22m[39m
 [32m✓[39m packages/tools/tests/grep.test.ts [2m([22m[2m64 tests[22m[2m)[22m[33m 488[2mms[22m[39m
 [32m✓[39m packages/plug-lsp/tests/unit/runtime.test.ts [2m([22m[2m7 tests[22m[2m)[22m[32m 235[2mms[22m[39m
 [32m✓[39m packages/core/tests/utils/atomic-write.test.ts [2m([22m[2m11 tests[22m[2m)[22m[33m 690[2mms[22m[39m
     [33m[2m✓[22m[39m rethrows the error and cleans up the tmp file when writeFile fails [33m 507[2mms[22m[39m
 [32m✓[39m packages/tools/tests/diff.test.ts [2m([22m[2m19 tests[22m[2m)[22m[33m 671[2mms[22m[39m
 [32m✓[39m packages/plug-lsp/tests/integration/lsp-server-direct.test.ts [2m([22m[2m2 tests[22m[2m)[22m[33m 555[2mms[22m[39m
     [33m[2m✓[22m[39m covers lifecycle, notifications, request wrappers, and shutdown idempotency [33m 316[2mms[22m[39m
 [32m✓[39m packages/tools/tests/logs.test.ts [2m([22m[2m11 tests[22m[2m)[22m[33m 917[2mms[22m[39m
 [32m✓[39m packages/core/tests/execution/eternal-autonomy.test.ts [2m([22m[2m21 tests[22m[2m)[22m[33m 876[2mms[22m[39m
     [33m[2m✓[22m[39m applies exponential backoff on transient (recoverable) failures [33m 395[2mms[22m[39m
 [32m✓[39m packages/mcp/tests/client.test.ts [2m([22m[2m36 tests[22m[2m)[22m[33m 1388[2mms[22m[39m
       [33m[2m✓[22m[39m close is safe to call multiple times [33m 622[2mms[22m[39m
       [33m[2m✓[22m[39m notify() throws when drain times out (lines 491-496) [33m 503[2mms[22m[39m
 [32m✓[39m packages/core/tests/coordination/multi-agent-coordinator-runner.test.ts [2m([22m[2m12 tests[22m[2m)[22m[32m 151[2mms[22m[39m
 [32m✓[39m packages/core/tests/coordination/subagent-budget.test.ts [2m([22m[2m24 tests[22m[2m | [22m[33m3 skipped[39m[2m)[22m[32m 186[2mms[22m[39m
 [32m✓[39m packages/core/tests/coordination/agent-bridge.test.ts [2m([22m[2m15 tests[22m[2m)[22m[32m 168[2mms[22m[39m
 [32m✓[39m packages/core/tests/architecture/package-boundaries.test.ts [2m([22m[2m11 tests[22m[2m)[22m[32m 199[2mms[22m[39m
 [32m✓[39m packages/core/tests/coordination/delegate-tool.test.ts [2m([22m[2m27 tests[22m[2m)[22m[32m 277[2mms[22m[39m
 [32m✓[39m packages/cli/tests/slash-sdd.test.ts [2m([22m[2m71 tests[22m[2m | [22m[33m9 skipped[39m[2m)[22m[32m 170[2mms[22m[39m
 [32m✓[39m packages/cli/tests/package-smoke.test.ts [2m([22m[2m2 tests[22m[2m)[22m[32m 236[2mms[22m[39m
 [32m✓[39m packages/cli/tests/config-history-impl.test.ts [2m([22m[2m20 tests[22m[2m)[22m[32m 172[2mms[22m[39m
 [32m✓[39m packages/core/tests/storage/todos-checkpoint.test.ts [2m([22m[2m5 tests[22m[2m)[22m[32m 205[2mms[22m[39m
 [32m✓[39m packages/core/tests/skills/skill-installer.test.ts [2m([22m[2m19 tests[22m[2m)[22m[32m 205[2mms[22m[39m
 [32m✓[39m packages/core/tests/coordination/director.test.ts [2m([22m[2m37 tests[22m[2m)[22m[33m 697[2mms[22m[39m
     [33m[2m✓[22m[39m per-subagent session JSONL: each subagent gets its own file [33m 389[2mms[22m[39m
 [32m✓[39m packages/core/tests/skills/manifest-store.test.ts [2m([22m[2m14 tests[22m[2m)[22m[32m 92[2mms[22m[39m
 [32m✓[39m packages/core/tests/security-scanner/report-generator.test.ts [2m([22m[2m12 tests[22m[2m)[22m[32m 78[2mms[22m[39m
 [32m✓[39m packages/core/tests/coordination/tool-lifecycle.test.ts [2m([22m[2m9 tests[22m[2m)[22m[32m 110[2mms[22m[39m
 [32m✓[39m packages/tools/tests/fetch.test.ts [2m([22m[2m38 tests[22m[2m)[22m[32m 92[2mms[22m[39m
 [32m✓[39m packages/cli/tests/multi-agent.test.ts [2m([22m[2m29 tests[22m[2m)[22m[32m 137[2mms[22m[39m
 [32m✓[39m packages/tools/tests/git.test.ts [2m([22m[2m53 tests[22m[2m)[22m[33m 2420[2mms[22m[39m
 [32m✓[39m packages/tui/tests/git-info.test.ts [2m([22m[2m4 tests[22m[2m)[22m[33m 2345[2mms[22m[39m
     [33m[2m✓[22m[39m returns null for a non-git directory [33m 398[2mms[22m[39m
     [33m[2m✓[22m[39m counts untracked files separately [33m 307[2mms[22m[39m
 [32m✓[39m packages/core/tests/observability/prometheus.test.ts [2m([22m[2m12 tests[22m[2m)[22m[33m 385[2mms[22m[39m
 [32m✓[39m packages/core/tests/coordination/agent-subagent-runner.test.ts [2m([22m[2m6 tests[22m[2m)[22m[32m 70[2mms[22m[39m
 [32m✓[39m packages/core/tests/sdd/spec-store.test.ts [2m([22m[2m8 tests[22m[2m)[22m[32m 65[2mms[22m[39m
 [32m✓[39m packages/core/tests/storage/director-state.test.ts [2m([22m[2m14 tests[22m[2m)[22m[32m 59[2mms[22m[39m
 [32m✓[39m packages/core/tests/observability/health.test.ts [2m([22m[2m10 tests[22m[2m)[22m[32m 99[2mms[22m[39m
 [32m✓[39m packages/core/tests/storage/config-loader.test.ts [2m([22m[2m25 tests[22m[2m)[22m[32m 118[2mms[22m[39m
 [32m✓[39m packages/cli/tests/auth-menu.test.ts [2m([22m[2m23 tests[22m[2m)[22m[32m 112[2mms[22m[39m
 [32m✓[39m packages/core/tests/coordination/subagent-budget-edges.test.ts [2m([22m[2m2 tests[22m[2m)[22m[32m 92[2mms[22m[39m
 [32m✓[39m packages/telegram/tests/integration/plugin-entry.test.ts [2m([22m[2m3 tests[22m[2m)[22m[32m 113[2mms[22m[39m
 [32m✓[39m packages/plug-lsp/tests/integration/tools-e2e.test.ts [2m([22m[2m1 test[22m[2m)[22m[32m 176[2mms[22m[39m
 [32m✓[39m packages/tui/tests/smoke.test.ts [2m([22m[2m1 test[22m[2m)[22m[33m 3231[2mms[22m[39m
     [33m[2m✓[22m[39m exports runTui as a function [33m 3230[2mms[22m[39m
 [32m✓[39m packages/plug-lsp/tests/unit/auto-discover.test.ts [2m([22m[2m2 tests[22m[2m)[22m[33m 2748[2mms[22m[39m
     [33m[2m✓[22m[39m finds project-local language server binaries [33m 1443[2mms[22m[39m
     [33m[2m✓[22m[39m keeps user configured servers instead of overwriting presets [33m 1303[2mms[22m[39m
 [32m✓[39m packages/core/tests/core/agent.test.ts [2m([22m[2m31 tests[22m[2m)[22m[32m 168[2mms[22m[39m
 [32m✓[39m packages/core/tests/storage/session-reader.test.ts [2m([22m[2m17 tests[22m[2m)[22m[32m 73[2mms[22m[39m
 [32m✓[39m packages/core/tests/security-scanner/detector.test.ts [2m([22m[2m16 tests[22m[2m)[22m[32m 63[2mms[22m[39m
 [32m✓[39m packages/core/tests/storage/recovery-lock.test.ts [2m([22m[2m13 tests[22m[2m)[22m[32m 71[2mms[22m[39m
 [32m✓[39m packages/tools/tests/stream-migration.test.ts [2m([22m[2m10 tests[22m[2m)[22m[32m 110[2mms[22m[39m
 [32m✓[39m packages/cli/tests/config-history.test.ts [2m([22m[2m9 tests[22m[2m)[22m[32m 80[2mms[22m[39m
 [32m✓[39m packages/cli/tests/slash-mcp-utils-full.test.ts [2m([22m[2m30 tests[22m[2m)[22m[32m 76[2mms[22m[39m
 [32m✓[39m packages/plugins/tests/smoke.test.ts [2m([22m[2m62 tests[22m[2m)[22m[33m 3385[2mms[22m[39m
       [33m[2m✓[22m[39m each tool execute() returns a result without throwing [33m 1716[2mms[22m[39m
       [33m[2m✓[22m[39m imports as a default export [33m 319[2mms[22m[39m
       [33m[2m✓[22m[39m each tool execute() returns a result without throwing [33m 467[2mms[22m[39m
 [32m✓[39m packages/cli/tests/slash-autonomy.test.ts [2m([22m[2m17 tests[22m[2m)[22m[32m 88[2mms[22m[39m
 [32m✓[39m packages/core/tests/core/iteration-limit.test.ts [2m([22m[2m7 tests[22m[2m)[22m[32m 84[2mms[22m[39m
 [32m✓[39m packages/tools/tests/lint.test.ts [2m([22m[2m11 tests[22m[2m)[22m[32m 90[2mms[22m[39m
 [32m✓[39m packages/core/tests/coordination/inter-agent-messaging.test.ts [2m([22m[2m5 tests[22m[2m)[22m[32m 66[2mms[22m[39m
 [32m✓[39m packages/core/tests/coordination/fleet-manager.test.ts [2m([22m[2m33 tests[22m[2m)[22m[32m 79[2mms[22m[39m
 [32m✓[39m packages/cli/tests/slash-plan.test.ts [2m([22m[2m22 tests[22m[2m)[22m[32m 100[2mms[22m[39m
 [32m✓[39m packages/runtime/tests/clipboard.test.ts [2m([22m[2m16 tests[22m[2m)[22m[32m 69[2mms[22m[39m
 [32m✓[39m packages/tools/tests/replace.test.ts [2m([22m[2m12 tests[22m[2m)[22m[32m 78[2mms[22m[39m
 [32m✓[39m packages/tools/tests/edit.test.ts [2m([22m[2m14 tests[22m[2m)[22m[32m 72[2mms[22m[39m
 [32m✓[39m packages/cli/tests/subcommand-sessions-fleet.test.ts [2m([22m[2m13 tests[22m[2m)[22m[32m 70[2mms[22m[39m
 [32m✓[39m packages/core/tests/security-scanner/slash-command.test.ts [2m([22m[2m19 tests[22m[2m)[22m[32m 52[2mms[22m[39m
 [32m✓[39m packages/cli/tests/subcommand-mcp.test.ts [2m([22m[2m14 tests[22m[2m)[22m[32m 56[2mms[22m[39m
 [32m✓[39m packages/runtime/tests/subpath-exports.test.ts [2m([22m[2m3 tests[22m[2m)[22m[32m 68[2mms[22m[39m
 [32m✓[39m packages/core/tests/execution/autonomy-prompt-contributor.test.ts [2m([22m[2m10 tests[22m[2m)[22m[32m 63[2mms[22m[39m
 [32m✓[39m packages/core/tests/observability/observability.test.ts [2m([22m[2m15 tests[22m[2m)[22m[32m 67[2mms[22m[39m
 [32m✓[39m packages/cli/tests/slash-goal.test.ts [2m([22m[2m12 tests[22m[2m)[22m[32m 77[2mms[22m[39m
 [32m✓[39m packages/cli/tests/update-check.test.ts [2m([22m[2m11 tests[22m[2m)[22m[32m 51[2mms[22m[39m
 [32m✓[39m packages/core/tests/models/mode-store.test.ts [2m([22m[2m15 tests[22m[2m)[22m[32m 40[2mms[22m[39m
 [32m✓[39m packages/cli/tests/subcommand-init.test.ts [2m([22m[2m9 tests[22m[2m)[22m[32m 61[2mms[22m[39m
 [32m✓[39m packages/core/tests/security/permission-policy.test.ts [2m([22m[2m20 tests[22m[2m)[22m[32m 45[2mms[22m[39m
 [32m✓[39m packages/core/tests/security-scanner/gitignore-updater.test.ts [2m([22m[2m8 tests[22m[2m)[22m[32m 44[2mms[22m[39m
 [32m✓[39m packages/tools/tests/plan.test.ts [2m([22m[2m9 tests[22m[2m)[22m[32m 71[2mms[22m[39m
 [32m✓[39m packages/core/tests/skills/github-fetcher.test.ts [2m([22m[2m15 tests[22m[2m)[22m[32m 49[2mms[22m[39m
 [32m✓[39m packages/core/tests/coordination/subagent-abort-during-tool.test.ts [2m([22m[2m2 tests[22m[2m)[22m[32m 41[2mms[22m[39m
 [32m✓[39m packages/tools/tests/patch.test.ts [2m([22m[2m8 tests[22m[2m)[22m[32m 53[2mms[22m[39m
 [32m✓[39m packages/core/tests/sdd/task-graph-store.test.ts [2m([22m[2m7 tests[22m[2m)[22m[32m 60[2mms[22m[39m
 [32m✓[39m packages/cli/tests/subcommands.test.ts [2m([22m[2m49 tests[22m[2m)[22m[32m 194[2mms[22m[39m
 [32m✓[39m packages/plug-lsp/tests/integration/crash-recovery.test.ts [2m([22m[2m1 test[22m[2m)[22m[33m 1257[2mms[22m[39m
     [33m[2m✓[22m[39m restarts a crashed server and reopens tracked documents [33m 1256[2mms[22m[39m
 [32m✓[39m packages/cli/tests/slash-security.test.ts [2m([22m[2m18 tests[22m[2m)[22m[32m 46[2mms[22m[39m
 [32m✓[39m packages/cli/tests/wiring-session.test.ts [2m([22m[2m7 tests[22m[2m)[22m[32m 51[2mms[22m[39m
 [32m✓[39m packages/core/tests/security/secret-vault.test.ts [2m([22m[2m13 tests[22m[2m)[22m[32m 55[2mms[22m[39m
 [32m✓[39m packages/cli/tests/wiring-tools.test.ts [2m([22m[2m6 tests[22m[2m)[22m[32m 38[2mms[22m[39m
 [32m✓[39m packages/cli/tests/picker.test.ts [2m([22m[2m15 tests[22m[2m)[22m[32m 42[2mms[22m[39m
 [32m✓[39m packages/core/tests/models/models-registry.test.ts [2m([22m[2m13 tests[22m[2m)[22m[32m 34[2mms[22m[39m
 [32m✓[39m packages/cli/tests/slash-statusline.test.ts [2m([22m[2m14 tests[22m[2m)[22m[32m 46[2mms[22m[39m
 [32m✓[39m packages/core/tests/leak-smoke.test.ts [2m([22m[2m3 tests[22m[2m)[22m[32m 45[2mms[22m[39m
 [32m✓[39m packages/providers/tests/streaming.test.ts [2m([22m[2m14 tests[22m[2m)[22m[32m 45[2mms[22m[39m
 [32m✓[39m packages/cli/tests/slash-helpers.test.ts [2m([22m[2m28 tests[22m[2m)[22m[32m 42[2mms[22m[39m
 [32m✓[39m packages/cli/tests/boot-config.test.ts [2m([22m[2m8 tests[22m[2m)[22m[32m 34[2mms[22m[39m
 [32m✓[39m packages/tools/tests/install.test.ts [2m([22m[2m8 tests[22m[2m)[22m[32m 36[2mms[22m[39m
 [32m✓[39m packages/tools/tests/search.test.ts [2m([22m[2m12 tests[22m[2m)[22m[32m 28[2mms[22m[39m
 [32m✓[39m packages/core/tests/observability/otlp-metrics.test.ts [2m([22m[2m11 tests[22m[2m)[22m[32m 32[2mms[22m[39m
 [32m✓[39m packages/core/tests/storage/attachment-store.test.ts [2m([22m[2m11 tests[22m[2m)[22m[32m 27[2mms[22m[39m
 [32m✓[39m packages/core/tests/storage/queue-store.test.ts [2m([22m[2m9 tests[22m[2m)[22m[32m 48[2mms[22m[39m
 [32m✓[39m packages/tools/tests/exec.test.ts [2m([22m[2m15 tests[22m[2m)[22m[32m 35[2mms[22m[39m
 [32m✓[39m packages/tools/tests/scaffold.test.ts [2m([22m[2m8 tests[22m[2m)[22m[32m 31[2mms[22m[39m
 [32m✓[39m packages/tools/tests/format.test.ts [2m([22m[2m11 tests[22m[2m)[22m[32m 29[2mms[22m[39m
 [32m✓[39m packages/cli/tests/subcommand-sessions-config.test.ts [2m([22m[2m21 tests[22m[2m)[22m[32m 51[2mms[22m[39m
 [32m✓[39m packages/tools/tests/glob.test.ts [2m([22m[2m4 tests[22m[2m)[22m[32m 53[2mms[22m[39m
 [32m✓[39m packages/cli/tests/wiring-pipeline.test.ts [2m([22m[2m10 tests[22m[2m)[22m[32m 39[2mms[22m[39m
 [32m✓[39m packages/providers/tests/wire-adapter.test.ts [2m([22m[2m5 tests[22m[2m)[22m[32m 30[2mms[22m[39m
 [32m✓[39m packages/core/tests/observability/otlp-traces.test.ts [2m([22m[2m11 tests[22m[2m)[22m[32m 26[2mms[22m[39m
 [32m✓[39m packages/providers/tests/presets-anthropic-openai-google.test.ts [2m([22m[2m81 tests[22m[2m)[22m[32m 26[2mms[22m[39m
 [32m✓[39m packages/cli/tests/slash-commands/commit.test.ts [2m([22m[2m8 tests[22m[2m)[22m[33m 4807[2mms[22m[39m
       [33m[2m✓[22m[39m detects docs files [33m 924[2mms[22m[39m
       [33m[2m✓[22m[39m returns false in clean repo [33m 920[2mms[22m[39m
       [33m[2m✓[22m[39m returns true when files are modified [33m 661[2mms[22m[39m
       [33m[2m✓[22m[39m returns true in git repo [33m 435[2mms[22m[39m
       [33m[2m✓[22m[39m stages and commits all changes [33m 562[2mms[22m[39m
       [33m[2m✓[22m[39m pushes to remote [33m 982[2mms[22m[39m
 [32m✓[39m packages/tools/tests/write.test.ts [2m([22m[2m3 tests[22m[2m)[22m[32m 27[2mms[22m[39m
 [32m✓[39m packages/tools/tests/document.test.ts [2m([22m[2m8 tests[22m[2m)[22m[32m 19[2mms[22m[39m
 [32m✓[39m packages/core/tests/storage/goal-store.test.ts [2m([22m[2m12 tests[22m[2m)[22m[32m 23[2mms[22m[39m
 [32m✓[39m packages/tools/tests/json.test.ts [2m([22m[2m15 tests[22m[2m)[22m[32m 26[2mms[22m[39m
 [32m✓[39m packages/cli/tests/pre-launch.test.ts [2m([22m[2m19 tests[22m[2m)[22m[32m 32[2mms[22m[39m
 [32m✓[39m packages/cli/tests/slash-commands.test.ts [2m([22m[2m44 tests[22m[2m)[22m[32m 34[2mms[22m[39m
 [32m✓[39m packages/cli/tests/slash-init.test.ts [2m([22m[2m6 tests[22m[2m)[22m[32m 43[2mms[22m[39m
 [32m✓[39m packages/cli/tests/subcommand-handlers.test.ts [2m([22m[2m13 tests[22m[2m)[22m[32m 20[2mms[22m[39m
 [32m✓[39m packages/tools/tests/typecheck.test.ts [2m([22m[2m4 tests[22m[2m)[22m[32m 28[2mms[22m[39m
 [32m✓[39m packages/plug-lsp/tests/unit/tools-errors.test.ts [2m([22m[2m4 tests[22m[2m)[22m[32m 26[2mms[22m[39m
 [32m✓[39m packages/core/tests/storage/session-store-trunc.test.ts [2m([22m[2m2 tests[22m[2m)[22m[32m 26[2mms[22m[39m
 [32m✓[39m packages/providers/tests/google.test.ts [2m([22m[2m7 tests[22m[2m)[22m[32m 25[2mms[22m[39m
 [32m✓[39m packages/telegram/tests/unit/slash-commands.test.ts [2m([22m[2m18 tests[22m[2m)[22m[32m 25[2mms[22m[39m
 [32m✓[39m packages/cli/tests/slash-context.test.ts [2m([22m[2m9 tests[22m[2m)[22m[32m 19[2mms[22m[39m
 [32m✓[39m packages/core/tests/storage/plan-store.test.ts [2m([22m[2m17 tests[22m[2m)[22m[32m 22[2mms[22m[39m
 [32m✓[39m packages/tools/tests/read.test.ts [2m([22m[2m5 tests[22m[2m)[22m[32m 23[2mms[22m[39m
 [32m✓[39m packages/tools/tests/test.test.ts [2m([22m[2m25 tests[22m[2m)[22m[32m 17[2mms[22m[39m
 [32m✓[39m packages/core/tests/tools/mcp-control.test.ts [2m([22m[2m22 tests[22m[2m)[22m[32m 14[2mms[22m[39m
 [32m✓[39m packages/core/tests/security-scanner/scanner.test.ts [2m([22m[2m9 tests[22m[2m)[22m[32m 15[2mms[22m[39m
 [32m✓[39m packages/tools/tests/tree.test.ts [2m([22m[2m9 tests[22m[2m)[22m[32m 16[2mms[22m[39m
 [32m✓[39m packages/tools/tests/memory.test.ts [2m([22m[2m4 tests[22m[2m)[22m[32m 10[2mms[22m[39m
 [32m✓[39m packages/core/tests/sdd/spec-builder.test.ts [2m([22m[2m47 tests[22m[2m)[22m[32m 17[2mms[22m[39m
 [32m✓[39m packages/core/tests/coordination/subagent-error-classification.test.ts [2m([22m[2m21 tests[22m[2m)[22m[32m 13[2mms[22m[39m
 [32m✓[39m packages/tui/tests/file-search.test.ts [2m([22m[2m6 tests[22m[2m)[22m[32m 17[2mms[22m[39m
 [32m✓[39m packages/providers/tests/openai.test.ts [2m([22m[2m9 tests[22m[2m)[22m[32m 9[2mms[22m[39m
 [32m✓[39m packages/core/tests/core/agent-tracer.test.ts [2m([22m[2m2 tests[22m[2m)[22m[32m 22[2mms[22m[39m
 [32m✓[39m packages/core/tests/coordination/coordinator-race.test.ts [2m([22m[2m5 tests[22m[2m)[22m[32m 16[2mms[22m[39m
 [32m✓[39m packages/core/tests/storage/features-config.test.ts [2m([22m[2m3 tests[22m[2m)[22m[32m 18[2mms[22m[39m
 [32m✓[39m packages/core/tests/sdd/task-flow.test.ts [2m([22m[2m30 tests[22m[2m)[22m[32m 18[2mms[22m[39m
 [32m✓[39m packages/core/tests/sdd/task-tracker.test.ts [2m([22m[2m46 tests[22m[2m)[22m[32m 14[2mms[22m[39m
 [32m✓[39m packages/cli/tests/wiring-metrics.test.ts [2m([22m[2m7 tests[22m[2m)[22m[32m 15[2mms[22m[39m
 [32m✓[39m packages/providers/tests/sse.test.ts [2m([22m[2m15 tests[22m[2m)[22m[32m 14[2mms[22m[39m
 [32m✓[39m packages/providers/tests/anthropic.test.ts [2m([22m[2m9 tests[22m[2m)[22m[32m 21[2mms[22m[39m
 [32m✓[39m packages/cli/tests/wiring-slash-commands.test.ts [2m([22m[2m4 tests[22m[2m)[22m[32m 22[2mms[22m[39m
 [32m✓[39m packages/core/tests/core/layering-smoke.test.ts [2m([22m[2m1 test[22m[2m)[22m[32m 14[2mms[22m[39m
 [32m✓[39m packages/core/tests/plugin/teardown-capability.test.ts [2m([22m[2m9 tests[22m[2m)[22m[32m 14[2mms[22m[39m
 [32m✓[39m packages/core/tests/kernel/run-controller.test.ts [2m([22m[2m9 tests[22m[2m)[22m[32m 24[2mms[22m[39m
 [32m✓[39m packages/core/tests/extension/registry.test.ts [2m([22m[2m29 tests[22m[2m)[22m[32m 14[2mms[22m[39m
 [32m✓[39m packages/tools/tests/outdated.test.ts [2m([22m[2m15 tests[22m[2m)[22m[32m 14[2mms[22m[39m
 [32m✓[39m packages/providers/tests/mistral-preset.test.ts [2m([22m[2m7 tests[22m[2m)[22m[32m 15[2mms[22m[39m
 [32m✓[39m packages/providers/tests/wire-format.test.ts [2m([22m[2m10 tests[22m[2m)[22m[32m 15[2mms[22m[39m
 [32m✓[39m packages/core/tests/sdd/task-generator.test.ts [2m([22m[2m25 tests[22m[2m)[22m[32m 12[2mms[22m[39m
 [32m✓[39m packages/core/tests/security-scanner/skill-generator.test.ts [2m([22m[2m17 tests[22m[2m)[22m[32m 11[2mms[22m[39m
 [32m✓[39m packages/tools/tests/audit.test.ts [2m([22m[2m13 tests[22m[2m)[22m[32m 15[2mms[22m[39m
 [32m✓[39m packages/core/tests/core/streaming-response-builder.test.ts [2m([22m[2m33 tests[22m[2m)[22m[32m 15[2mms[22m[39m
 [32m✓[39m packages/core/tests/infrastructure/logger.test.ts [2m([22m[2m4 tests[22m[2m)[22m[32m 19[2mms[22m[39m
 [32m✓[39m packages/core/tests/infrastructure/token-counter.test.ts [2m([22m[2m12 tests[22m[2m)[22m[32m 27[2mms[22m[39m
 [32m✓[39m packages/core/tests/infrastructure/path-resolver.test.ts [2m([22m[2m6 tests[22m[2m)[22m[32m 33[2mms[22m[39m
 [32m✓[39m packages/core/tests/core/l1a-reactive-state.test.ts [2m([22m[2m5 tests[22m[2m)[22m[32m 34[2mms[22m[39m
 [32m✓[39m packages/core/tests/execution/skill-loader.test.ts [2m([22m[2m8 tests[22m[2m)[22m[32m 119[2mms[22m[39m
 [32m✓[39m packages/core/tests/storage/session-store.test.ts [2m([22m[2m18 tests[22m[2m)[22m[32m 152[2mms[22m[39m
 [32m✓[39m packages/tui/tests/tool-format.test.ts [2m([22m[2m42 tests[22m[2m)[22m[32m 12[2mms[22m[39m
 [32m✓[39m packages/core/tests/execution/selective-compactor.test.ts [2m([22m[2m24 tests[22m[2m)[22m[32m 10[2mms[22m[39m
 [32m✓[39m packages/runtime/tests/vision.test.ts [2m([22m[2m19 tests[22m[2m)[22m[32m 13[2mms[22m[39m
 [32m✓[39m packages/core/tests/core/system-prompt-builder.test.ts [2m([22m[2m20 tests[22m[2m)[22m[33m 385[2mms[22m[39m
     [33m[2m✓[22m[39m reports git branch when .git directory exists [33m 324[2mms[22m[39m
 [32m✓[39m packages/core/tests/infrastructure/mcp-servers.test.ts [2m([22m[2m17 tests[22m[2m)[22m[32m 6[2mms[22m[39m
 [32m✓[39m packages/core/tests/storage/config-store.test.ts [2m([22m[2m14 tests[22m[2m)[22m[32m 8[2mms[22m[39m
 [32m✓[39m packages/tools/tests/process-registry.test.ts [2m([22m[2m18 tests[22m[2m)[22m[32m 12[2mms[22m[39m
 [32m✓[39m packages/core/tests/utils/token-estimate.test.ts [2m([22m[2m24 tests[22m[2m)[22m[32m 13[2mms[22m[39m
 [32m✓[39m packages/cli/tests/provider-helpers.test.ts [2m([22m[2m19 tests[22m[2m)[22m[32m 9[2mms[22m[39m
 [32m✓[39m packages/telegram/tests/unit/tools.test.ts [2m([22m[2m7 tests[22m[2m)[22m[32m 9[2mms[22m[39m
 [32m✓[39m packages/core/tests/kernel/events.test.ts [2m([22m[2m25 tests[22m[2m)[22m[32m 12[2mms[22m[39m
 [32m✓[39m packages/core/tests/sdd/spec-parser.test.ts [2m([22m[2m32 tests[22m[2m)[22m[32m 14[2mms[22m[39m
 [32m✓[39m packages/cli/tests/slash-skill-install.test.ts [2m([22m[2m21 tests[22m[2m)[22m[32m 11[2mms[22m[39m
 [32m✓[39m packages/core/tests/models/llm-selector.test.ts [2m([22m[2m20 tests[22m[2m)[22m[32m 12[2mms[22m[39m
 [32m✓[39m packages/cli/tests/repl.test.ts [2m([22m[2m11 tests[22m[2m)[22m[32m 14[2mms[22m[39m
 [32m✓[39m packages/cli/tests/subcommand-rewind.test.ts [2m([22m[2m18 tests[22m[2m)[22m[32m 12[2mms[22m[39m
 [32m✓[39m packages/core/tests/plugin/manifest.test.ts [2m([22m[2m18 tests[22m[2m)[22m[32m 13[2mms[22m[39m
 [32m✓[39m packages/cli/tests/slash-diag-memory-todos.test.ts [2m([22m[2m27 tests[22m[2m)[22m[32m 11[2mms[22m[39m
 [32m✓[39m packages/tools/tests/_env.test.ts [2m([22m[2m10 tests[22m[2m)[22m[32m 11[2mms[22m[39m
 [32m✓[39m packages/core/tests/plugin/loader.test.ts [2m([22m[2m5 tests[22m[2m)[22m[32m 11[2mms[22m[39m
 [32m✓[39m packages/core/tests/security/config-secrets.test.ts [2m([22m[2m40 tests[22m[2m)[22m[32m 10[2mms[22m[39m
 [32m✓[39m packages/cli/tests/wiring-provider.test.ts [2m([22m[2m11 tests[22m[2m)[22m[32m 13[2mms[22m[39m
 [32m✓[39m packages/providers/tests/tool-format.test.ts [2m([22m[2m27 tests[22m[2m)[22m[32m 10[2mms[22m[39m
 [32m✓[39m packages/cli/tests/slash-mcp.test.ts [2m([22m[2m27 tests[22m[2m)[22m[32m 14[2mms[22m[39m
 [32m✓[39m packages/core/tests/sdd/spec-versioning.test.ts [2m([22m[2m11 tests[22m[2m)[22m[32m 10[2mms[22m[39m
 [32m✓[39m packages/webui/tests/lib/tool-summary.test.ts [2m([22m[2m44 tests[22m[2m)[22m[32m 8[2mms[22m[39m
 [32m✓[39m packages/core/tests/observability/event-bridge.test.ts [2m([22m[2m14 tests[22m[2m)[22m[32m 8[2mms[22m[39m
 [32m✓[39m packages/core/tests/sdd/auto-executor.test.ts [2m([22m[2m8 tests[22m[2m)[22m[32m 7[2mms[22m[39m
 [32m✓[39m packages/core/tests/execution/autonomous-runner.test.ts [2m([22m[2m23 tests[22m[2m)[22m[32m 10[2mms[22m[39m
 [32m✓[39m packages/core/tests/execution/auto-compaction-middleware.test.ts [2m([22m[2m10 tests[22m[2m)[22m[32m 9[2mms[22m[39m
 [32m✓[39m packages/cli/tests/slash-fleet-full.test.ts [2m([22m[2m20 tests[22m[2m)[22m[32m 9[2mms[22m[39m
 [32m✓[39m packages/cli/tests/arg-parser.test.ts [2m([22m[2m27 tests[22m[2m)[22m[32m 9[2mms[22m[39m
 [32m✓[39m packages/telegram/tests/unit/bot.test.ts [2m([22m[2m24 tests[22m[2m)[22m[33m 6517[2mms[22m[39m
     [33m[2m✓[22m[39m retries on transient failure then succeeds [33m 2011[2mms[22m[39m
     [33m[2m✓[22m[39m throws after all retries exhausted [33m 2028[2mms[22m[39m
     [33m[2m✓[22m[39m catches fetch network error and retries [33m 2027[2mms[22m[39m
 [32m✓[39m packages/cli/tests/subcommand-update.test.ts [2m([22m[2m8 tests[22m[2m)[22m[32m 9[2mms[22m[39m
 [32m✓[39m packages/core/tests/coordination/director-prompts.test.ts [2m([22m[2m27 tests[22m[2m)[22m[32m 8[2mms[22m[39m
 [32m✓[39m packages/core/tests/storage/session-analyzer.test.ts [2m([22m[2m19 tests[22m[2m)[22m[32m 7[2mms[22m[39m
 [32m✓[39m packages/core/tests/kernel/container.test.ts [2m([22m[2m15 tests[22m[2m)[22m[32m 8[2mms[22m[39m
 [32m✓[39m packages/core/tests/registry/tool-registry.test.ts [2m([22m[2m23 tests[22m[2m)[22m[32m 9[2mms[22m[39m
 [32m✓[39m packages/cli/tests/slash-session.test.ts [2m([22m[2m9 tests[22m[2m)[22m[32m 8[2mms[22m[39m
 [32m✓[39m packages/cli/tests/slash-yolo.test.ts [2m([22m[2m18 tests[22m[2m)[22m[32m 6[2mms[22m[39m
 [32m✓[39m packages/webui/tests/server/provider-store.test.ts [2m([22m[2m18 tests[22m[2m)[22m[32m 9[2mms[22m[39m
 [32m✓[39m packages/core/tests/infrastructure/context-manager.test.ts [2m([22m[2m18 tests[22m[2m)[22m[32m 9[2mms[22m[39m
 [32m✓[39m packages/providers/tests/openai-compatible.test.ts [2m([22m[2m5 tests[22m[2m)[22m[32m 10[2mms[22m[39m
 [32m✓[39m packages/cli/tests/slash-misc.test.ts [2m([22m[2m11 tests[22m[2m)[22m[32m 9[2mms[22m[39m
 [32m✓[39m packages/cli/tests/provider-config-utils.test.ts [2m([22m[2m23 tests[22m[2m)[22m[32m 7[2mms[22m[39m
 [32m✓[39m packages/core/tests/registry/slash-command-registry.test.ts [2m([22m[2m26 tests[22m[2m)[22m[32m 8[2mms[22m[39m
 [32m✓[39m packages/core/tests/utils/tool-output-serializer.test.ts [2m([22m[2m24 tests[22m[2m)[22m[32m 9[2mms[22m[39m
 [32m✓[39m packages/core/tests/utils/json-schema-validate.test.ts [2m([22m[2m25 tests[22m[2m)[22m[32m 8[2mms[22m[39m
 [32m✓[39m packages/tui/tests/kill-ps-slash.test.ts [2m([22m[2m23 tests[22m[2m)[22m[32m 8[2mms[22m[39m
 [32m✓[39m packages/core/tests/coordination/multi-agent-coordinator.test.ts [2m([22m[2m14 tests[22m[2m)[22m[32m 9[2mms[22m[39m
 [32m✓[39m packages/tools/tests/circuit-breaker.test.ts [2m([22m[2m20 tests[22m[2m)[22m[32m 12[2mms[22m[39m
 [32m✓[39m packages/cli/tests/slash-mode.test.ts [2m([22m[2m9 tests[22m[2m)[22m[32m 8[2mms[22m[39m
 [32m✓[39m packages/cli/tests/wiring-plugins.test.ts [2m([22m[2m8 tests[22m[2m)[22m[32m 9[2mms[22m[39m
 [32m✓[39m packages/cli/tests/renderer.test.ts [2m([22m[2m20 tests[22m[2m)[22m[32m 8[2mms[22m[39m
 [32m✓[39m packages/tui/tests/queue-slash.test.ts [2m([22m[2m12 tests[22m[2m)[22m[32m 6[2mms[22m[39m
 [32m✓[39m packages/core/tests/core/continue-to-next-iteration.test.ts [2m([22m[2m20 tests[22m[2m)[22m[32m 8[2mms[22m[39m
 [32m✓[39m packages/core/tests/execution/intelligent-compactor.test.ts [2m([22m[2m6 tests[22m[2m)[22m[32m 8[2mms[22m[39m
 [32m✓[39m packages/webui/tests/server/boot.test.ts [2m([22m[2m5 tests[22m[2m)[22m[32m 8[2mms[22m[39m
 [32m✓[39m packages/core/tests/sdd/critical-path.test.ts [2m([22m[2m7 tests[22m[2m)[22m[32m 7[2mms[22m[39m
 [32m✓[39m packages/core/tests/kernel/pipeline.test.ts [2m([22m[2m18 tests[22m[2m)[22m[32m 9[2mms[22m[39m
 [32m✓[39m packages/tools/tests/_util.test.ts [2m([22m[2m19 tests[22m[2m)[22m[32m 8[2mms[22m[39m
 [32m✓[39m packages/tui/tests/reducer.test.ts [2m([22m[2m24 tests[22m[2m)[22m[32m 10[2mms[22m[39m
 [32m✓[39m packages/core/tests/utils/safe-json.test.ts [2m([22m[2m8 tests[22m[2m)[22m[32m 6[2mms[22m[39m
 [32m✓[39m packages/core/tests/execution/goal-preamble.test.ts [2m([22m[2m14 tests[22m[2m)[22m[32m 3[2mms[22m[39m
 [32m✓[39m packages/core/tests/observability/otel-tracer.test.ts [2m([22m[2m4 tests[22m[2m)[22m[32m 6[2mms[22m[39m
 [32m✓[39m packages/plugins/tests/cost-tracker.test.ts [2m([22m[2m6 tests[22m[2m)[22m[32m 7[2mms[22m[39m
 [32m✓[39m packages/core/tests/core/input-builder.test.ts [2m([22m[2m7 tests[22m[2m)[22m[32m 7[2mms[22m[39m
 [32m✓[39m packages/cli/tests/commit-llm.test.ts [2m([22m[2m8 tests[22m[2m)[22m[32m 6[2mms[22m[39m
 [32m✓[39m packages/providers/tests/family-capabilities.test.ts [2m([22m[2m12 tests[22m[2m)[22m[32m 5[2mms[22m[39m
 [32m✓[39m packages/cli/tests/slash-skill-generator.test.ts [2m([22m[2m9 tests[22m[2m)[22m[32m 5[2mms[22m[39m
 [32m✓[39m packages/core/tests/plugin/api.test.ts [2m([22m[2m21 tests[22m[2m)[22m[32m 13[2mms[22m[39m
 [32m✓[39m packages/runtime/tests/pack.test.ts [2m([22m[2m12 tests[22m[2m)[22m[32m 6[2mms[22m[39m
 [32m✓[39m packages/tools/tests/tool-use.test.ts [2m([22m[2m8 tests[22m[2m)[22m[32m 5[2mms[22m[39m
 [32m✓[39m packages/plugins/tests/template-engine.test.ts [2m([22m[2m8 tests[22m[2m)[22m[32m 6[2mms[22m[39m
 [32m✓[39m packages/tui/tests/markdown-table.test.ts [2m([22m[2m7 tests[22m[2m)[22m[32m 5[2mms[22m[39m
 [32m✓[39m packages/core/tests/utils/todos-format.test.ts [2m([22m[2m12 tests[22m[2m)[22m[32m 4[2mms[22m[39m
 [32m✓[39m packages/plugins/tests/json-path.test.ts [2m([22m[2m8 tests[22m[2m)[22m[32m 5[2mms[22m[39m
 [32m✓[39m packages/plug-lsp/tests/unit/formatters.test.ts [2m([22m[2m4 tests[22m[2m)[22m[32m 5[2mms[22m[39m
 [32m✓[39m packages/providers/tests/factories.test.ts [2m([22m[2m8 tests[22m[2m)[22m[32m 7[2mms[22m[39m
 [32m✓[39m packages/core/tests/storage/config-migration.test.ts [2m([22m[2m9 tests[22m[2m)[22m[32m 6[2mms[22m[39m
 [32m✓[39m packages/tools/tests/batch-tool-use.test.ts [2m([22m[2m9 tests[22m[2m)[22m[32m 7[2mms[22m[39m
 [32m✓[39m packages/core/tests/registry/provider-registry.test.ts [2m([22m[2m11 tests[22m[2m)[22m[32m 6[2mms[22m[39m
 [32m✓[39m packages/tui/tests/confirm-prompt.test.ts [2m([22m[2m17 tests[22m[2m)[22m[32m 5[2mms[22m[39m
 [32m✓[39m packages/cli/tests/utils-helpers.test.ts [2m([22m[2m20 tests[22m[2m)[22m[32m 6[2mms[22m[39m
 [32m✓[39m packages/core/tests/utils/regex-guard.test.ts [2m([22m[2m15 tests[22m[2m)[22m[32m 5[2mms[22m[39m
 [32m✓[39m packages/cli/tests/slash-compact.test.ts [2m([22m[2m8 tests[22m[2m)[22m[32m 7[2mms[22m[39m
 [32m✓[39m packages/plugins/tests/web-search.test.ts [2m([22m[2m6 tests[22m[2m)[22m[32m 4[2mms[22m[39m
 [32m✓[39m packages/providers/tests/tool-input.test.ts [2m([22m[2m8 tests[22m[2m)[22m[32m 5[2mms[22m[39m
 [32m✓[39m packages/cli/tests/launch-hints.test.ts [2m([22m[2m6 tests[22m[2m)[22m[32m 6[2mms[22m[39m
 [32m✓[39m packages/core/tests/execution/provider-runner-impl.test.ts [2m([22m[2m6 tests[22m[2m)[22m[32m 6[2mms[22m[39m
 [32m✓[39m packages/runtime/tests/host.test.ts [2m([22m[2m5 tests[22m[2m)[22m[32m 7[2mms[22m[39m
 [32m✓[39m packages/tools/tests/todo.test.ts [2m([22m[2m2 tests[22m[2m)[22m[32m 6[2mms[22m[39m
 [32m✓[39m packages/core/tests/utils/glob-match.test.ts [2m([22m[2m8 tests[22m[2m)[22m[32m 5[2mms[22m[39m
 [32m✓[39m packages/cli/tests/redact-keys.test.ts [2m([22m[2m10 tests[22m[2m)[22m[32m 5[2mms[22m[39m
 [32m✓[39m packages/plug-lsp/tests/unit/slash-commands.test.ts [2m([22m[2m4 tests[22m[2m)[22m[32m 4[2mms[22m[39m
 [32m✓[39m packages/mcp/tests/wrap-tool.test.ts [2m([22m[2m5 tests[22m[2m)[22m[32m 3[2mms[22m[39m
 [32m✓[39m packages/plugins/tests/auto-doc.test.ts [2m([22m[2m2 tests[22m[2m)[22m[32m 5[2mms[22m[39m
 [32m✓[39m packages/plugins/tests/shell-check.test.ts [2m([22m[2m7 tests[22m[2m)[22m[32m 6[2mms[22m[39m
 [32m✓[39m packages/cli/tests/permission-prompt.test.ts [2m([22m[2m3 tests[22m[2m)[22m[32m 5[2mms[22m[39m
 [32m✓[39m packages/plugins/tests/git-autocommit.test.ts [2m([22m[2m4 tests[22m[2m)[22m[32m 6[2mms[22m[39m
 [32m✓[39m packages/core/tests/sdd/task-visualizer.test.ts [2m([22m[2m8 tests[22m[2m)[22m[32m 5[2mms[22m[39m
 [32m✓[39m packages/providers/tests/stop-reason.test.ts [2m([22m[2m19 tests[22m[2m)[22m[32m 5[2mms[22m[39m
 [32m✓[39m packages/cli/tests/slash-skill.test.ts [2m([22m[2m6 tests[22m[2m)[22m[32m 5[2mms[22m[39m
 [32m✓[39m packages/core/tests/utils/wstack-paths.test.ts [2m([22m[2m4 tests[22m[2m)[22m[32m 5[2mms[22m[39m
 [32m✓[39m packages/tools/tests/mode.test.ts [2m([22m[2m9 tests[22m[2m)[22m[32m 6[2mms[22m[39m
 [32m✓[39m packages/core/tests/execution/error-handler.test.ts [2m([22m[2m20 tests[22m[2m)[22m[33m 2132[2mms[22m[39m
     [33m[2m✓[22m[39m rate_limit_backoff waits then asks the agent to retry [33m 1111[2mms[22m[39m
     [33m[2m✓[22m[39m rate_limit_backoff clamps suggested wait to 1s minimum [33m 1012[2mms[22m[39m
 [32m✓[39m packages/cli/tests/session-stats.test.ts [2m([22m[2m5 tests[22m[2m)[22m[32m 6[2mms[22m[39m
 [32m✓[39m packages/plugins/tests/semver-bump.test.ts [2m([22m[2m8 tests[22m[2m)[22m[32m 6[2mms[22m[39m
 [32m✓[39m packages/providers/tests/error-parse.test.ts [2m([22m[2m15 tests[22m[2m)[22m[32m 5[2mms[22m[39m
 [32m✓[39m packages/tools/tests/tool-help.test.ts [2m([22m[2m14 tests[22m[2m)[22m[32m 7[2mms[22m[39m
 [32m✓[39m packages/tools/tests/_regex.test.ts [2m([22m[2m9 tests[22m[2m)[22m[32m 4[2mms[22m[39m
 [32m✓[39m packages/core/tests/sdd/spec-templates.test.ts [2m([22m[2m7 tests[22m[2m)[22m[32m 5[2mms[22m[39m
 [32m✓[39m packages/telegram/tests/unit/config.test.ts [2m([22m[2m6 tests[22m[2m)[22m[32m 4[2mms[22m[39m
 [32m✓[39m packages/cli/tests/slash-agents.test.ts [2m([22m[2m5 tests[22m[2m)[22m[32m 6[2mms[22m[39m
 [32m✓[39m packages/plugins/tests/file-watcher.test.ts [2m([22m[2m7 tests[22m[2m)[22m[32m 5[2mms[22m[39m
 [32m✓[39m packages/core/tests/utils/message-invariants.test.ts [2m([22m[2m4 tests[22m[2m)[22m[32m 5[2mms[22m[39m
 [32m✓[39m packages/core/tests/execution/retry-policy.test.ts [2m([22m[2m10 tests[22m[2m)[22m[32m 6[2mms[22m[39m
 [32m✓[39m packages/core/tests/execution/compactor.test.ts [2m([22m[2m5 tests[22m[2m)[22m[32m 6[2mms[22m[39m
 [32m✓[39m packages/plug-lsp/tests/unit/position.test.ts [2m([22m[2m4 tests[22m[2m)[22m[32m 5[2mms[22m[39m
 [32m✓[39m packages/core/tests/storage/plan-templates.test.ts [2m([22m[2m5 tests[22m[2m)[22m[32m 6[2mms[22m[39m
 [32m✓[39m packages/tui/tests/model-picker.test.ts [2m([22m[2m4 tests[22m[2m)[22m[32m 4[2mms[22m[39m
 [32m✓[39m packages/runtime/tests/container.test.ts [2m([22m[2m12 tests[22m[2m)[22m[32m 7[2mms[22m[39m
 [32m✓[39m packages/cli/tests/slash-metrics-health.test.ts [2m([22m[2m5 tests[22m[2m)[22m[32m 5[2mms[22m[39m
 [32m✓[39m packages/tools/tests/builtin.test.ts [2m([22m[2m3 tests[22m[2m)[22m[32m 6[2mms[22m[39m
 [32m✓[39m packages/webui/tests/server/ws-auth.test.ts [2m([22m[2m7 tests[22m[2m)[22m[32m 4[2mms[22m[39m
 [32m✓[39m packages/providers/tests/decoupled.test.ts [2m([22m[2m5 tests[22m[2m)[22m[32m 5[2mms[22m[39m
 [32m✓[39m packages/core/tests/types/context-window.test.ts [2m([22m[2m4 tests[22m[2m)[22m[32m 4[2mms[22m[39m
 [32m✓[39m packages/core/tests/utils/diff.test.ts [2m([22m[2m6 tests[22m[2m)[22m[32m 4[2mms[22m[39m
 [32m✓[39m packages/providers/tests/pricing.test.ts [2m([22m[2m3 tests[22m[2m)[22m[32m 4[2mms[22m[39m
 [32m✓[39m packages/tools/tests/tool-search.test.ts [2m([22m[2m9 tests[22m[2m)[22m[32m 6[2mms[22m[39m
 [32m✓[39m packages/plug-lsp/tests/unit/config.test.ts [2m([22m[2m4 tests[22m[2m)[22m[32m 5[2mms[22m[39m
 [32m✓[39m packages/cli/tests/slash-mcp-command.test.ts [2m([22m[2m5 tests[22m[2m)[22m[32m 5[2mms[22m[39m
 [32m✓[39m packages/core/tests/security/secret-scrubber.test.ts [2m([22m[2m10 tests[22m[2m)[22m[32m 5[2mms[22m[39m
 [32m✓[39m packages/core/tests/modes/prompt-modules.test.ts [2m([22m[2m3 tests[22m[2m)[22m[32m 3[2mms[22m[39m
 [32m✓[39m packages/cli/tests/subcommands/update.test.ts [2m([22m[2m6 tests[22m[2m)[22m[32m 6[2mms[22m[39m
 [32m✓[39m packages/webui/tests/server/session-payload.test.ts [2m([22m[2m2 tests[22m[2m)[22m[32m 3[2mms[22m[39m
 [32m✓[39m packages/core/tests/coordination/fleet-usage-aggregator.test.ts [2m([22m[2m4 tests[22m[2m)[22m[32m 4[2mms[22m[39m
 [32m✓[39m packages/core/tests/utils/newline.test.ts [2m([22m[2m5 tests[22m[2m)[22m[32m 3[2mms[22m[39m
 [32m✓[39m packages/providers/tests/presets.test.ts [2m([22m[2m3 tests[22m[2m)[22m[32m 3[2mms[22m[39m
 [32m✓[39m packages/core/tests/security-scanner/orchestrator.test.ts [2m([22m[2m2 tests[22m[2m)[22m[32m 3[2mms[22m[39m
 [32m✓[39m packages/plug-lsp/tests/integration/plugin-entry.test.ts [2m([22m[2m1 test[22m[2m)[22m[32m 4[2mms[22m[39m
 [32m✓[39m packages/core/tests/core/run-env-state.test.ts [2m([22m[2m16 tests[22m[2m)[22m[32m 8[2mms[22m[39m
 [32m✓[39m packages/cli/tests/utils.test.ts [2m([22m[2m6 tests[22m[2m)[22m[32m 5[2mms[22m[39m
 [32m✓[39m packages/plug-lsp/tests/unit/language-detect.test.ts [2m([22m[2m4 tests[22m[2m)[22m[32m 3[2mms[22m[39m
 [32m✓[39m packages/webui/tests/lib/notify.test.ts [2m([22m[2m1 test[22m[2m)[22m[32m 2[2mms[22m[39m
 [32m✓[39m packages/providers/tests/capabilities.test.ts [2m([22m[2m6 tests[22m[2m)[22m[32m 5[2mms[22m[39m
 [32m✓[39m packages/cli/tests/plugin-api-factory.test.ts [2m([22m[2m1 test[22m[2m)[22m[32m 3[2mms[22m[39m
 [32m✓[39m packages/webui/tests/lib/favicon.test.ts [2m([22m[2m1 test[22m[2m)[22m[32m 2[2mms[22m[39m
 [32m✓[39m packages/core/tests/core/context.test.ts [2m([22m[2m3 tests[22m[2m)[22m[32m 4[2mms[22m[39m
 [32m✓[39m packages/webui/tests/lib/chime.test.ts [2m([22m[2m1 test[22m[2m)[22m[32m 1[2mms[22m[39m
 [32m✓[39m packages/plug-lsp/tests/unit/workspace-edit.test.ts [2m([22m[2m1 test[22m[2m)[22m[32m 3[2mms[22m[39m
 [32m✓[39m packages/webui/tests/lib/utils.test.ts [2m([22m[2m1 test[22m[2m)[22m[32m 2[2mms[22m[39m
 [32m✓[39m packages/tui/tests/detect-at-token.test.ts [2m([22m[2m8 tests[22m[2m)[22m[32m 3[2mms[22m[39m
 [32m✓[39m packages/core/tests/utils/color.test.ts [2m([22m[2m4 tests[22m[2m)[22m[32m 2[2mms[22m[39m
 [32m✓[39m packages/tools/tests/pack.test.ts [2m([22m[2m1 test[22m[2m)[22m[32m 2[2mms[22m[39m
 [2m[90m↓[39m[22m packages/plug-lsp/tests/e2e/typescript.test.ts [2m([22m[2m1 test[22m[2m | [22m[33m1 skipped[39m[2m)[22m
 [32m✓[39m packages/tui/tests/status-bar.test.ts [2m([22m[2m10 tests[22m[2m)[22m[32m 3[2mms[22m[39m
 [32m✓[39m packages/tui/tests/banner.test.ts [2m([22m[2m4 tests[22m[2m)[22m[32m 2[2mms[22m[39m
 [32m✓[39m packages/tui/tests/history-stream-cap.test.ts [2m([22m[2m5 tests[22m[2m)[22m[32m 3[2mms[22m[39m
 [32m✓[39m packages/tui/tests/steering-preamble.test.ts [2m([22m[2m9 tests[22m[2m)[22m[32m 4[2mms[22m[39m
 [32m✓[39m packages/tui/tests/render-running-tools.test.ts [2m([22m[2m4 tests[22m[2m)[22m[32m 2[2mms[22m[39m
 [32m✓[39m packages/tui/tests/run-tui-guard.test.ts [2m([22m[2m1 test[22m[2m)[22m[32m 2[2mms[22m[39m
 [32m✓[39m packages/mcp/tests/integration.test.ts [2m([22m[2m17 tests[22m[2m)[22m[33m 10547[2mms[22m[39m
     [33m[2m✓[22m[39m health returns alive=false for failed [33m 9248[2mms[22m[39m
 [32m✓[39m packages/cli/tests/slash-commit.test.ts [2m([22m[2m22 tests[22m[2m)[22m[33m 11051[2mms[22m[39m
     [33m[2m✓[22m[39m reports "nothing to commit" when working tree is clean [33m 1720[2mms[22m[39m
     [33m[2m✓[22m[39m --dry-run uses heuristics and never invokes git commit [33m 1059[2mms[22m[39m
     [33m[2m✓[22m[39m uses LLM-provided message when generator supplied [33m 655[2mms[22m[39m
     [33m[2m✓[22m[39m falls back to heuristics when LLM throws [33m 773[2mms[22m[39m
     [33m[2m✓[22m[39m --no-llm flag skips LLM even when generator provided [33m 727[2mms[22m[39m
     [33m[2m✓[22m[39m -n shortcut is treated as --dry-run [33m 600[2mms[22m[39m
     [33m[2m✓[22m[39m actually commits and reports the short SHA when not dry-run [33m 908[2mms[22m[39m
     [33m[2m✓[22m[39m mentions /push tip when a remote is configured [33m 912[2mms[22m[39m
     [33m[2m✓[22m[39m does not mention /push when no remote configured [33m 772[2mms[22m[39m
     [33m[2m✓[22m[39m emits empty string when tree is clean [33m 395[2mms[22m[39m
     [33m[2m✓[22m[39m pushes successfully to a local bare-repo remote and reports the short SHA [33m 596[2mms[22m[39m
 [32m✓[39m packages/mcp/tests/registry.test.ts [2m([22m[2m27 tests[22m[2m)[22m[33m 11450[2mms[22m[39m
     [33m[2m✓[22m[39m emits disconnected after retries exhausted on failure [33m 3220[2mms[22m[39m
     [33m[2m✓[22m[39m health reflects failed state [33m 8221[2mms[22m[39m
 [32m✓[39m packages/tools/tests/bash.test.ts [2m([22m[2m26 tests[22m[2m)[22m[33m 18194[2mms[22m[39m
     [33m[2m✓[22m[39m honours timeout for long-running command [33m 4217[2mms[22m[39m
     [33m[2m✓[22m[39m times out and triggers kill on Windows [33m 9116[2mms[22m[39m
     [33m[2m✓[22m[39m cleans up timers in finally block [33m 4044[2mms[22m[39m

[2m Test Files [22m [1m[31m1 failed[39m[22m[2m | [22m[1m[32m323 passed[39m[22m[2m | [22m[33m1 skipped[39m[90m (325)[39m
[2m      Tests [22m [1m[31m2 failed[39m[22m[2m | [22m[1m[32m4352 passed[39m[22m[2m | [22m[33m13 skipped[39m[90m (4367)[39m
[2m   Start at [22m 18:20:57
[2m   Duration [22m 19.16s[2m (transform 68.00s, setup 0ms, import 111.42s, tests 98.61s, environment 24ms)[22m

[ELIFECYCLE] Test failed. See above for more details.
